[92mINFO [0m:      Starting Flower SuperNode
[93mWARNING [0m:   Option `--insecure` was set. Starting insecure channel to 127.0.0.1:9092.
INFO:     Started server process [1841]
INFO:     Waiting for application startup.
[92mINFO [0m:      FastAPI lifespan: startup
INFO:     Application startup complete.
INFO:     Uvicorn running on http://127.0.0.1:9096 (Press CTRL+C to quit)
[92mINFO [0m:      SuperNode ID: 17707147246835290796
[92mINFO [0m:      Starting Flower SuperExec
[93mWARNING [0m:   Connection attempt failed, retrying in 0.14 seconds
[93mWARNING [0m:   Connection attempt failed, retrying in 1.76 seconds
[93mWARNING [0m:   Connection attempt failed, retrying in 0.17 seconds
[93mWARNING [0m:   Connection attempt failed, retrying in 0.29 seconds
[93mWARNING [0m:   Connection attempt failed, retrying in 6.08 seconds
[93mWARNING [0m:   Connection attempt failed, retrying in 0.76 seconds
[93mWARNING [0m:   Connection attempt failed, retrying in 0.29 seconds
[93mWARNING [0m:   Connection attempt failed, retrying in 1.98 seconds
[93mWARNING [0m:   Connection attempt failed, retrying in 14.85 seconds
[93mWARNING [0m:   Connection attempt failed, retrying in 5.28 seconds
[93mWARNING [0m:   Connection attempt failed, retrying in 10.45 seconds
[93mWARNING [0m:   Connection attempt failed, retrying in 3.99 seconds
[92mINFO [0m:      Connection successful after 42.07 seconds and 8 tries.
[92mINFO [0m:      Connection successful after 44.13 seconds and 6 tries.
[93mWARNING [0m:   Connection attempt failed, retrying in 0.51 seconds
[93mWARNING [0m:   Connection attempt failed, retrying in 1.65 seconds
[92mINFO [0m:      Connection successful after 2.16 seconds and 3 tries.
[92mINFO [0m:      
[92mINFO [0m:      [RUN 17437612076986627444, ROUND screen_request-66c9fef7]
[92mINFO [0m:      Receiving: query message (ID: 76a7faac5b6f5c035b201d085f1deadf63c220aee1e86fcfede631a7c77bc4d5)
[92mINFO [0m:      Received successfully
[92mINFO [0m:      Start `flwr-clientapp` process
[92mINFO [0m:      
[92mINFO [0m:      
[92mINFO [0m:      [RUN 17437612076986627444, ROUND screen_request-66c9fef7]
[92mINFO [0m:      Sending: query message (ID: c975b5b56eedfd0fa4435be7ae22321c9b02ba34a6daacf8ee1eaa228015875c)
[92mINFO [0m:      Sent successfully
[92mINFO [0m:      
[92mINFO [0m:      [RUN 17437612076986627444, ROUND screen_request-6dae9b48]
[92mINFO [0m:      Receiving: query message (ID: 17d9479d5d9e071de22515518d263ef62075d5df146e2004bac8edfc651b868b)
[92mINFO [0m:      Received successfully
[92mINFO [0m:      Start `flwr-clientapp` process
[92mINFO [0m:      
[92mINFO [0m:      
[92mINFO [0m:      [RUN 17437612076986627444, ROUND screen_request-6dae9b48]
[92mINFO [0m:      Sending: query message (ID: 1a814634dcc4995e156842b6eaa6e17af3a0a2ba01b753c1eeb8aab833b61f9e)
[92mINFO [0m:      Sent successfully
[92mINFO [0m:      
[92mINFO [0m:      [RUN 17437612076986627444, ROUND plan_prepare-fdc82805]
[92mINFO [0m:      Receiving: query message (ID: b38bb3a23a6f358999ca35e02bf5bccbfe1b37bc878a1f81d94c4e3157fa60f3)
[92mINFO [0m:      Received successfully
[92mINFO [0m:      Start `flwr-clientapp` process
[92mINFO [0m:      
[92mINFO [0m:      
[92mINFO [0m:      [RUN 17437612076986627444, ROUND plan_prepare-fdc82805]
[92mINFO [0m:      Sending: query message (ID: 605fa82f33259ee70ab020559a14053aa73e6624094ee1834c7b719fb9e7fd99)
[92mINFO [0m:      Sent successfully
[92mINFO [0m:      
[92mINFO [0m:      [RUN 17437612076986627444, ROUND review_status-be93de4e]
[92mINFO [0m:      Receiving: query message (ID: e40ead6faea01f0dcd3748b3fe440aa450de8b69f9a74bed4a47fb2b018f845e)
[92mINFO [0m:      Received successfully
[92mINFO [0m:      Start `flwr-clientapp` process
[92mINFO [0m:      
[92mINFO [0m:      
[92mINFO [0m:      [RUN 17437612076986627444, ROUND review_status-be93de4e]
[92mINFO [0m:      Sending: query message (ID: f2f912d56682f73c141b040d4d76e9828091bc392e94fd0a0bfb5e10b1904477)
[92mINFO [0m:      Sent successfully
[92mINFO [0m:      
[92mINFO [0m:      [RUN 17437612076986627444, ROUND plan_approval-1ed78b85]
[92mINFO [0m:      Receiving: query message (ID: 004b5a4e969837b02a67d1bb9efd627425875d142e2fbd658177572f00da80a3)
[92mINFO [0m:      Received successfully
[92mINFO [0m:      Start `flwr-clientapp` process
[92mINFO [0m:      
[92mINFO [0m:      
[92mINFO [0m:      [RUN 17437612076986627444, ROUND plan_approval-1ed78b85]
[92mINFO [0m:      Sending: query message (ID: 5a183822b22858b9a10117e845b451ca8a4070d9676be60d8c31866cd69f56c4)
[92mINFO [0m:      Sent successfully
[92mINFO [0m:      
[92mINFO [0m:      [RUN 17437612076986627444, ROUND review_status-66cb690e]
[92mINFO [0m:      Receiving: query message (ID: d7d58b71b168159b313bf54473c53654440658543f3fd10e4ca42f0ca1a9b30c)
[92mINFO [0m:      Received successfully
[92mINFO [0m:      Start `flwr-clientapp` process
[92mINFO [0m:      
[92mINFO [0m:      
[92mINFO [0m:      [RUN 17437612076986627444, ROUND review_status-66cb690e]
[92mINFO [0m:      Sending: query message (ID: 663443c50bb4781d81efb0a831ce67e59134486fb86018b69ea0e19ae8cc19cd)
[92mINFO [0m:      Sent successfully
[92mINFO [0m:      
[92mINFO [0m:      [RUN 17437612076986627444, ROUND plan_approval-29d12b3c]
[92mINFO [0m:      Receiving: query message (ID: 261d2f53a097fceab30ca4a781c97cd09f369c7a4efe5de099106163dc47f63b)
[92mINFO [0m:      Received successfully
[92mINFO [0m:      Start `flwr-clientapp` process
[92mINFO [0m:      
[92mINFO [0m:      
[92mINFO [0m:      [RUN 17437612076986627444, ROUND plan_approval-29d12b3c]
[92mINFO [0m:      Sending: query message (ID: 3bb96781be4c4f9a1b89084a4b2c7fffb6a7f1d24a033b42869f0a15eea9b0be)
[92mINFO [0m:      Sent successfully
